[문제발생]
MySQL 설치했지만 workbench로 들어가보니 not connected 상태

services.msc 실행 후 확인했지만 MySQL 서비스가 목록에 없음
cmd에서 cd C:\Program Files\MySQL\MySQL Server 8.0\bin
mysql -uroot -p 실행
but Can't connect to MySql server on 'localhost' 10061
오류 발생

[해결1] - 실패
mysqld --install

Install/Remove of the Service Denied! 오류 발생

[해결2]
MySQL Installer 실행 후 Reconfiguration 하여 설정하니 해결

--------------------------------------------------
내 PC - 프로그램 제거 또는 변경 - MySQL 관련 파일 전부삭제
- 재설치 - MySQL installation 실행 - reconfiguration 에서 설정(TCP/IP), password 등 - mysql 실행 - 성공

INT: 정수 자료형(FLOAT, DOUBLE은 실수)
VARCHAR: 문자열 자료형, 가변 길이(CHAR은 고정 길이)
TEXT: 긴 문자열은 TEXT로 별도 저장
DATETIME: 날짜 자료형 저장
TINYINT: -128에서 127까지 저장하지만 여기서는 1 또는 0만 저장해 불 값 표현

NOT NULL: 빈 값은 받지 않는다는 뜻(NULL은 빈 값 허용)
AUTO_INCREMENT: 숫자 자료형인 경우 다음 로우가 저장될 때 자동으로 1 증가
UNSIGNED: 0과 양수만 허용
ZEROFILL: 숫자의 자리 수가 고정된 경우 빈 자리에 0을 넣음
DEFAULT now(): 날짜 컬럼의 기본값을 현재 시간으로

---------------------------------------------------------
2021.2.11
mysql> CREATE TABLE nodejs.comments (
 -> id INT NULL AUTO_INCREMENT,
 -> commenter INT NOT NULL,
 -> comment VARCHAR(100) NOT NULL,
 -> created_at DATETIME NOT NULL DEFAULT now(),
 -> PRIMARY KEY(id),
 -> INDEX commenter_idx (commenter ASC),
 -> CONSTRAINT commenter
 -> FOREIGN KEY (commenter)
 -> REFERENCIES nodejs.users (id)
 -> ON DELETE CASCADE
 -> ON UPDATE CASCADE
 -> COMMENT = '댓글'
 -> DEFAULT COHARSET = utf8
 -> ENGINE=InnoDB;
---------------------------------------------------------
2021.2.11
Create 생성
Read 조회
Update 수정
Delete 삭제

>>insert into 테이블(칼럼명들) values (값들)
mysql> insert into nodejs.users (name, age, married, comment) values ('bellush, 29, 0, programmer)

>>select 컬럼 from 테이블명
select * => 모든 컬럼 선택
mysql> select * from nodejs.users;

컬럼만 따로 추리기 가능
mysql> select name, married from nodejs.users;

>>where로 조건을 주어 선택 가능
- and로 여러가지 조건을 동시에 만족하는 것을 찾음
mysql> select name, age from nodejs.users where married = 0 and age > 30;

- or로 여러가지 조건 중 하나 이상을 만족하는 것을 찾음
mysql> select id, name from nodejs.users where married = 0 or age > 30;

>> limit 으로 조회할 개수 제한
mysql> select id, name from nodejs.users order by age desc limit 1;

>> offset으로 앞의 로우들 스킵 가능(offset 2명 세 번째 것부터)
mysql> select id, name from nodejs.users order by age desc limit 1 offset 1;


